
> career141@0.1.0 build
> next build

Γû▓ Next.js 16.2.0 (Turbopack)

  Creating an optimized production build ...
Γ£ô Compiled successfully in 11.9s
  Running TypeScript ...
node.exe : Failed to type check.
At C:\Program Files\nodejs\npm.ps1:29 char:3
+   & $NODE_EXE $NPM_CLI_JS $args
+   ~~~~~~~~~~~~~~~~~~~~~~~~~~~~~
    + CategoryInfo          : NotSpecified: (Failed to type c 
   heck.:String) [], RemoteException
    + FullyQualifiedErrorId : NativeCommandError
 

./src/components/premium-jobs/apparel-merchandising/390WDefaul
t/390WDefault.tsx:160:113
Type error: Property 'src' does not exist on type 'string'.

  [90m158 |[0m ...e=[32m"div.elementor-element"[0m>
  [90m159 |[0m ...[32m-none"[0m>
[31m[1m>[0m [90m160 |[0m ...[32m0 w-[299.63%]"[0m 
src={imgDivElementorElement.src || imgDivElementorElement} />
  [90m    |[0m                                              
 [31m[1m^[0m
  [90m161 |[0m ...
  [90m162 |[0m ...[32m opacity-50 top-0 w-[390.4px]"[0m 
data-name=[32m"::before"[0m />
  [90m163 |[0m ...
Next.js build worker exited with code: 1 and signal: null
