node_modules/next/dist/client/image-component.d.ts(1,8): error TS1259: Module '"C:/Users/user/Downloads/WORK/career141/node_modules/@types/react/index"' can only be default-imported using the 'esModuleInterop' flag
node_modules/react-hook-form/dist/form.d.ts(1,8): error TS1259: Module '"C:/Users/user/Downloads/WORK/career141/node_modules/@types/react/index"' can only be default-imported using the 'esModuleInterop' flag
node_modules/react-hook-form/dist/types/controller.d.ts(1,13): error TS1259: Module '"C:/Users/user/Downloads/WORK/career141/node_modules/@types/react/index"' can only be default-imported using the 'esModuleInterop' flag
node_modules/react-hook-form/dist/types/form.d.ts(1,13): error TS1259: Module '"C:/Users/user/Downloads/WORK/career141/node_modules/@types/react/index"' can only be default-imported using the 'esModuleInterop' flag
node_modules/react-hook-form/dist/useFormContext.d.ts(1,8): error TS1259: Module '"C:/Users/user/Downloads/WORK/career141/node_modules/@types/react/index"' can only be default-imported using the 'esModuleInterop' flag
src/components/contact/sections/ContactInfoAndFormSection.tsx(7,30): error TS2307: Cannot find module '@/lib/assetPath' or its corresponding type declarations.
src/components/contact/sections/ContactInfoAndFormSection.tsx(8,20): error TS2307: Cannot find module './ContactInfoAndFormSection.module.css' or its corresponding type declarations.
src/components/contact/sections/ContactInfoAndFormSection.tsx(78,5): error TS17004: Cannot use JSX unless the '--jsx' flag is provided.
src/components/contact/sections/ContactInfoAndFormSection.tsx(79,7): error TS17004: Cannot use JSX unless the '--jsx' flag is provided.
src/components/contact/sections/ContactInfoAndFormSection.tsx(94,7): error TS17004: Cannot use JSX unless the '--jsx' flag is provided.
src/components/contact/sections/ContactInfoAndFormSection.tsx(101,7): error TS17004: Cannot use JSX unless the '--jsx' flag is provided.
src/components/contact/sections/ContactInfoAndFormSection.tsx(121,5): error TS17004: Cannot use JSX unless the '--jsx' flag is provided.
src/components/contact/sections/ContactInfoAndFormSection.tsx(122,7): error TS17004: Cannot use JSX unless the '--jsx' flag is provided.
src/components/contact/sections/ContactInfoAndFormSection.tsx(136,7): error TS17004: Cannot use JSX unless the '--jsx' flag is provided.
src/components/contact/sections/ContactInfoAndFormSection.tsx(143,7): error TS17004: Cannot use JSX unless the '--jsx' flag is provided.
src/components/contact/sections/ContactInfoAndFormSection.tsx(165,5): error TS17004: Cannot use JSX unless the '--jsx' flag is provided.
src/components/contact/sections/ContactInfoAndFormSection.tsx(166,7): error TS17004: Cannot use JSX unless the '--jsx' flag is provided.
src/components/contact/sections/ContactInfoAndFormSection.tsx(181,9): error TS17004: Cannot use JSX unless the '--jsx' flag is provided.
src/components/contact/sections/ContactInfoAndFormSection.tsx(183,11): error TS17004: Cannot use JSX unless the '--jsx' flag is provided.
src/components/contact/sections/ContactInfoAndFormSection.tsx(188,7): error TS17004: Cannot use JSX unless the '--jsx' flag is provided.
src/components/contact/sections/ContactInfoAndFormSection.tsx(195,7): error TS17004: Cannot use JSX unless the '--jsx' flag is provided.
src/components/contact/sections/ContactInfoAndFormSection.tsx(222,7): error TS17004: Cannot use JSX unless the '--jsx' flag is provided.
src/components/contact/sections/ContactInfoAndFormSection.tsx(223,9): error TS17004: Cannot use JSX unless the '--jsx' flag is provided.
src/components/contact/sections/ContactInfoAndFormSection.tsx(224,9): error TS17004: Cannot use JSX unless the '--jsx' flag is provided.
src/components/contact/sections/ContactInfoAndFormSection.tsx(227,9): error TS17004: Cannot use JSX unless the '--jsx' flag is provided.
src/components/contact/sections/ContactInfoAndFormSection.tsx(235,5): error TS17004: Cannot use JSX unless the '--jsx' flag is provided.
src/components/contact/sections/ContactInfoAndFormSection.tsx(236,7): error TS17004: Cannot use JSX unless the '--jsx' flag is provided.
src/components/contact/sections/ContactInfoAndFormSection.tsx(237,7): error TS17004: Cannot use JSX unless the '--jsx' flag is provided.
src/components/contact/sections/ContactInfoAndFormSection.tsx(238,7): error TS17004: Cannot use JSX unless the '--jsx' flag is provided.
src/components/contact/sections/ContactInfoAndFormSection.tsx(239,7): error TS17004: Cannot use JSX unless the '--jsx' flag is provided.
src/components/contact/sections/ContactInfoAndFormSection.tsx(241,7): error TS17004: Cannot use JSX unless the '--jsx' flag is provided.
src/components/contact/sections/ContactInfoAndFormSection.tsx(242,9): error TS17004: Cannot use JSX unless the '--jsx' flag is provided.
src/components/contact/sections/ContactInfoAndFormSection.tsx(243,11): error TS17004: Cannot use JSX unless the '--jsx' flag is provided.
src/components/contact/sections/ContactInfoAndFormSection.tsx(244,11): error TS17004: Cannot use JSX unless the '--jsx' flag is provided.
src/components/contact/sections/ContactInfoAndFormSection.tsx(255,7): error TS17004: Cannot use JSX unless the '--jsx' flag is provided.
src/components/contact/sections/ContactInfoAndFormSection.tsx(256,7): error TS17004: Cannot use JSX unless the '--jsx' flag is provided.
src/components/contact/sections/ContactInfoAndFormSection.tsx(258,7): error TS17004: Cannot use JSX unless the '--jsx' flag is provided.
src/components/contact/sections/ContactInfoAndFormSection.tsx(259,9): error TS17004: Cannot use JSX unless the '--jsx' flag is provided.
src/components/contact/sections/ContactInfoAndFormSection.tsx(267,13): error TS17004: Cannot use JSX unless the '--jsx' flag is provided.
src/components/contact/sections/ContactInfoAndFormSection.tsx(268,15): error TS17004: Cannot use JSX unless the '--jsx' flag is provided.
src/components/contact/sections/ContactInfoAndFormSection.tsx(279,9): error TS17004: Cannot use JSX unless the '--jsx' flag is provided.
src/components/contact/sections/ContactInfoAndFormSection.tsx(280,9): error TS17004: Cannot use JSX unless the '--jsx' flag is provided.
src/components/contact/sections/ContactInfoAndFormSection.tsx(281,11): error TS17004: Cannot use JSX unless the '--jsx' flag is provided.
src/components/contact/sections/ContactInfoAndFormSection.tsx(288,11): error TS17004: Cannot use JSX unless the '--jsx' flag is provided.
src/components/contact/sections/ContactInfoAndFormSection.tsx(292,7): error TS17004: Cannot use JSX unless the '--jsx' flag is provided.
src/components/contact/sections/ContactInfoAndFormSection.tsx(293,9): error TS17004: Cannot use JSX unless the '--jsx' flag is provided.
src/components/contact/sections/ContactInfoAndFormSection.tsx(305,13): error TS17004: Cannot use JSX unless the '--jsx' flag is provided.
src/components/contact/sections/ContactInfoAndFormSection.tsx(306,15): error TS17004: Cannot use JSX unless the '--jsx' flag is provided.
src/components/contact/sections/ContactInfoAndFormSection.tsx(310,13): error TS17004: Cannot use JSX unless the '--jsx' flag is provided.
src/components/contact/sections/ContactInfoAndFormSection.tsx(312,15): error TS17004: Cannot use JSX unless the '--jsx' flag is provided.
src/components/contact/sections/ContactInfoAndFormSection.tsx(323,5): error TS17004: Cannot use JSX unless the '--jsx' flag is provided.
src/components/contact/sections/ContactInfoAndFormSection.tsx(324,7): error TS17004: Cannot use JSX unless the '--jsx' flag is provided.
src/components/contact/sections/ContactInfoAndFormSection.tsx(329,9): error TS17004: Cannot use JSX unless the '--jsx' flag is provided.
src/components/contact/sections/ContactInfoAndFormSection.tsx(331,9): error TS17004: Cannot use JSX unless the '--jsx' flag is provided.
src/components/contact/sections/ContactInfoAndFormSection.tsx(332,11): error TS17004: Cannot use JSX unless the '--jsx' flag is provided.
src/components/contact/sections/ContactInfoAndFormSection.tsx(333,13): error TS17004: Cannot use JSX unless the '--jsx' flag is provided.
src/components/contact/sections/ContactInfoAndFormSection.tsx(335,15): error TS17004: Cannot use JSX unless the '--jsx' flag is provided.
src/components/contact/sections/ContactInfoAndFormSection.tsx(338,13): error TS17004: Cannot use JSX unless the '--jsx' flag is provided.
src/components/contact/sections/ContactInfoAndFormSection.tsx(339,15): error TS17004: Cannot use JSX unless the '--jsx' flag is provided.
src/components/contact/sections/ContactInfoAndFormSection.tsx(346,17): error TS17004: Cannot use JSX unless the '--jsx' flag is provided.
src/components/contact/sections/ContactInfoAndFormSection.tsx(348,15): error TS17004: Cannot use JSX unless the '--jsx' flag is provided.
src/components/contact/sections/ContactInfoAndFormSection.tsx(355,17): error TS17004: Cannot use JSX unless the '--jsx' flag is provided.
src/components/contact/sections/ContactInfoAndFormSection.tsx(360,11): error TS17004: Cannot use JSX unless the '--jsx' flag is provided.
src/components/contact/sections/ContactInfoAndFormSection.tsx(361,13): error TS17004: Cannot use JSX unless the '--jsx' flag is provided.
src/components/contact/sections/ContactInfoAndFormSection.tsx(362,15): error TS17004: Cannot use JSX unless the '--jsx' flag is provided.
src/components/contact/sections/ContactInfoAndFormSection.tsx(363,15): error TS17004: Cannot use JSX unless the '--jsx' flag is provided.
src/components/contact/sections/ContactInfoAndFormSection.tsx(365,13): error TS17004: Cannot use JSX unless the '--jsx' flag is provided.
src/components/contact/sections/ContactInfoAndFormSection.tsx(370,7): error TS17004: Cannot use JSX unless the '--jsx' flag is provided.
src/components/contact/sections/ContactInfoAndFormSection.tsx(375,9): error TS17004: Cannot use JSX unless the '--jsx' flag is provided.
src/components/contact/sections/ContactInfoAndFormSection.tsx(377,9): error TS17004: Cannot use JSX unless the '--jsx' flag is provided.
src/components/contact/sections/ContactInfoAndFormSection.tsx(378,11): error TS17004: Cannot use JSX unless the '--jsx' flag is provided.
src/components/contact/sections/ContactInfoAndFormSection.tsx(379,13): error TS17004: Cannot use JSX unless the '--jsx' flag is provided.
src/components/contact/sections/ContactInfoAndFormSection.tsx(380,15): error TS17004: Cannot use JSX unless the '--jsx' flag is provided.
src/components/contact/sections/ContactInfoAndFormSection.tsx(381,17): error TS17004: Cannot use JSX unless the '--jsx' flag is provided.
src/components/contact/sections/ContactInfoAndFormSection.tsx(382,19): error TS17004: Cannot use JSX unless the '--jsx' flag is provided.
src/components/contact/sections/ContactInfoAndFormSection.tsx(383,21): error TS17004: Cannot use JSX unless the '--jsx' flag is provided.
src/components/contact/sections/ContactInfoAndFormSection.tsx(385,23): error TS17004: Cannot use JSX unless the '--jsx' flag is provided.
src/components/contact/sections/ContactInfoAndFormSection.tsx(391,15): error TS17004: Cannot use JSX unless the '--jsx' flag is provided.
src/components/contact/sections/ContactInfoAndFormSection.tsx(392,17): error TS17004: Cannot use JSX unless the '--jsx' flag is provided.
src/components/contact/sections/ContactInfoAndFormSection.tsx(393,19): error TS17004: Cannot use JSX unless the '--jsx' flag is provided.
src/components/contact/sections/ContactInfoAndFormSection.tsx(394,21): error TS17004: Cannot use JSX unless the '--jsx' flag is provided.
src/components/contact/sections/ContactInfoAndFormSection.tsx(396,23): error TS17004: Cannot use JSX unless the '--jsx' flag is provided.
src/components/contact/sections/ContactInfoAndFormSection.tsx(398,23): error TS17004: Cannot use JSX unless the '--jsx' flag is provided.
src/components/contact/sections/ContactInfoAndFormSection.tsx(404,15): error TS17004: Cannot use JSX unless the '--jsx' flag is provided.
src/components/contact/sections/ContactInfoAndFormSection.tsx(405,17): error TS17004: Cannot use JSX unless the '--jsx' flag is provided.
src/components/contact/sections/ContactInfoAndFormSection.tsx(406,19): error TS17004: Cannot use JSX unless the '--jsx' flag is provided.
src/components/contact/sections/ContactInfoAndFormSection.tsx(407,21): error TS17004: Cannot use JSX unless the '--jsx' flag is provided.
src/components/contact/sections/ContactInfoAndFormSection.tsx(408,23): error TS17004: Cannot use JSX unless the '--jsx' flag is provided.
src/components/contact/sections/ContactInfoAndFormSection.tsx(409,25): error TS17004: Cannot use JSX unless the '--jsx' flag is provided.
src/components/contact/sections/ContactInfoAndFormSection.tsx(410,27): error TS17004: Cannot use JSX unless the '--jsx' flag is provided.
src/components/contact/sections/ContactInfoAndFormSection.tsx(415,19): error TS17004: Cannot use JSX unless the '--jsx' flag is provided.
src/components/contact/sections/ContactInfoAndFormSection.tsx(416,21): error TS17004: Cannot use JSX unless the '--jsx' flag is provided.
src/components/contact/sections/ContactInfoAndFormSection.tsx(417,23): error TS17004: Cannot use JSX unless the '--jsx' flag is provided.
src/components/contact/sections/ContactInfoAndFormSection.tsx(418,25): error TS17004: Cannot use JSX unless the '--jsx' flag is provided.
src/components/contact/sections/ContactInfoAndFormSection.tsx(421,21): error TS17004: Cannot use JSX unless the '--jsx' flag is provided.
src/components/contact/sections/ContactInfoAndFormSection.tsx(422,23): error TS17004: Cannot use JSX unless the '--jsx' flag is provided.
src/components/contact/sections/ContactInfoAndFormSection.tsx(423,25): error TS17004: Cannot use JSX unless the '--jsx' flag is provided.
src/components/contact/sections/ContactInfoAndFormSection.tsx(424,27): error TS17004: Cannot use JSX unless the '--jsx' flag is provided.
src/components/contact/sections/ContactInfoAndFormSection.tsx(430,17): error TS17004: Cannot use JSX unless the '--jsx' flag is provided.
src/components/contact/sections/ContactInfoAndFormSection.tsx(431,19): error TS17004: Cannot use JSX unless the '--jsx' flag is provided.
src/components/contact/sections/ContactInfoAndFormSection.tsx(432,21): error TS17004: Cannot use JSX unless the '--jsx' flag is provided.
src/components/contact/sections/ContactInfoAndFormSection.tsx(433,23): error TS17004: Cannot use JSX unless the '--jsx' flag is provided.
src/components/contact/sections/ContactInfoAndFormSection.tsx(434,25): error TS17004: Cannot use JSX unless the '--jsx' flag is provided.
src/components/contact/sections/ContactInfoAndFormSection.tsx(435,27): error TS17004: Cannot use JSX unless the '--jsx' flag is provided.
src/components/contact/sections/ContactInfoAndFormSection.tsx(440,19): error TS17004: Cannot use JSX unless the '--jsx' flag is provided.
src/components/contact/sections/ContactInfoAndFormSection.tsx(441,21): error TS17004: Cannot use JSX unless the '--jsx' flag is provided.
src/components/contact/sections/ContactInfoAndFormSection.tsx(442,23): error TS17004: Cannot use JSX unless the '--jsx' flag is provided.
src/components/contact/sections/ContactInfoAndFormSection.tsx(443,25): error TS17004: Cannot use JSX unless the '--jsx' flag is provided.
src/components/contact/sections/ContactInfoAndFormSection.tsx(446,21): error TS17004: Cannot use JSX unless the '--jsx' flag is provided.
src/components/contact/sections/ContactInfoAndFormSection.tsx(447,23): error TS17004: Cannot use JSX unless the '--jsx' flag is provided.
src/components/contact/sections/ContactInfoAndFormSection.tsx(448,25): error TS17004: Cannot use JSX unless the '--jsx' flag is provided.
src/components/contact/sections/ContactInfoAndFormSection.tsx(449,27): error TS17004: Cannot use JSX unless the '--jsx' flag is provided.
src/components/contact/sections/ContactInfoAndFormSection.tsx(455,17): error TS17004: Cannot use JSX unless the '--jsx' flag is provided.
src/components/contact/sections/ContactInfoAndFormSection.tsx(456,19): error TS17004: Cannot use JSX unless the '--jsx' flag is provided.
src/components/contact/sections/ContactInfoAndFormSection.tsx(457,21): error TS17004: Cannot use JSX unless the '--jsx' flag is provided.
src/components/contact/sections/ContactInfoAndFormSection.tsx(458,23): error TS17004: Cannot use JSX unless the '--jsx' flag is provided.
src/components/contact/sections/ContactInfoAndFormSection.tsx(459,25): error TS17004: Cannot use JSX unless the '--jsx' flag is provided.
src/components/contact/sections/ContactInfoAndFormSection.tsx(460,27): error TS17004: Cannot use JSX unless the '--jsx' flag is provided.
src/components/contact/sections/ContactInfoAndFormSection.tsx(465,19): error TS17004: Cannot use JSX unless the '--jsx' flag is provided.
src/components/contact/sections/ContactInfoAndFormSection.tsx(466,21): error TS17004: Cannot use JSX unless the '--jsx' flag is provided.
src/components/contact/sections/ContactInfoAndFormSection.tsx(467,23): error TS17004: Cannot use JSX unless the '--jsx' flag is provided.
src/components/contact/sections/ContactInfoAndFormSection.tsx(468,25): error TS17004: Cannot use JSX unless the '--jsx' flag is provided.
src/components/contact/sections/ContactInfoAndFormSection.tsx(471,21): error TS17004: Cannot use JSX unless the '--jsx' flag is provided.
src/components/contact/sections/ContactInfoAndFormSection.tsx(472,23): error TS17004: Cannot use JSX unless the '--jsx' flag is provided.
src/components/contact/sections/ContactInfoAndFormSection.tsx(473,25): error TS17004: Cannot use JSX unless the '--jsx' flag is provided.
src/components/contact/sections/ContactInfoAndFormSection.tsx(474,27): error TS17004: Cannot use JSX unless the '--jsx' flag is provided.
src/components/contact/sections/ContactInfoAndFormSection.tsx(481,15): error TS17004: Cannot use JSX unless the '--jsx' flag is provided.
src/components/contact/sections/ContactInfoAndFormSection.tsx(482,17): error TS17004: Cannot use JSX unless the '--jsx' flag is provided.
src/components/contact/sections/ContactInfoAndFormSection.tsx(483,19): error TS17004: Cannot use JSX unless the '--jsx' flag is provided.
src/components/contact/sections/ContactInfoAndFormSection.tsx(484,21): error TS17004: Cannot use JSX unless the '--jsx' flag is provided.
src/components/contact/sections/ContactInfoAndFormSection.tsx(485,23): error TS17004: Cannot use JSX unless the '--jsx' flag is provided.
src/components/contact/sections/ContactInfoAndFormSection.tsx(486,25): error TS17004: Cannot use JSX unless the '--jsx' flag is provided.
src/components/contact/sections/ContactInfoAndFormSection.tsx(487,27): error TS17004: Cannot use JSX unless the '--jsx' flag is provided.
src/components/contact/sections/ContactInfoAndFormSection.tsx(492,19): error TS17004: Cannot use JSX unless the '--jsx' flag is provided.
src/components/contact/sections/ContactInfoAndFormSection.tsx(493,21): error TS17004: Cannot use JSX unless the '--jsx' flag is provided.
src/components/contact/sections/ContactInfoAndFormSection.tsx(494,23): error TS17004: Cannot use JSX unless the '--jsx' flag is provided.
src/components/contact/sections/ContactInfoAndFormSection.tsx(495,25): error TS17004: Cannot use JSX unless the '--jsx' flag is provided.
src/components/contact/sections/ContactInfoAndFormSection.tsx(501,15): error TS17004: Cannot use JSX unless the '--jsx' flag is provided.
src/components/contact/sections/ContactInfoAndFormSection.tsx(502,17): error TS17004: Cannot use JSX unless the '--jsx' flag is provided.
src/components/contact/sections/ContactInfoAndFormSection.tsx(503,19): error TS17004: Cannot use JSX unless the '--jsx' flag is provided.
src/components/contact/sections/ContactInfoAndFormSection.tsx(504,21): error TS17004: Cannot use JSX unless the '--jsx' flag is provided.
src/components/contact/sections/ContactInfoAndFormSection.tsx(505,23): error TS17004: Cannot use JSX unless the '--jsx' flag is provided.
src/components/contact/sections/ContactInfoAndFormSection.tsx(506,25): error TS17004: Cannot use JSX unless the '--jsx' flag is provided.
src/components/contact/sections/ContactInfoAndFormSection.tsx(507,27): error TS17004: Cannot use JSX unless the '--jsx' flag is provided.
src/components/contact/sections/ContactInfoAndFormSection.tsx(512,19): error TS17004: Cannot use JSX unless the '--jsx' flag is provided.
src/components/contact/sections/ContactInfoAndFormSection.tsx(513,21): error TS17004: Cannot use JSX unless the '--jsx' flag is provided.
src/components/contact/sections/ContactInfoAndFormSection.tsx(514,23): error TS17004: Cannot use JSX unless the '--jsx' flag is provided.
src/components/contact/sections/ContactInfoAndFormSection.tsx(515,25): error TS17004: Cannot use JSX unless the '--jsx' flag is provided.
src/components/contact/sections/ContactInfoAndFormSection.tsx(516,27): error TS17004: Cannot use JSX unless the '--jsx' flag is provided.
src/components/contact/sections/ContactInfoAndFormSection.tsx(521,19): error TS17004: Cannot use JSX unless the '--jsx' flag is provided.
src/components/contact/sections/ContactInfoAndFormSection.tsx(522,21): error TS17004: Cannot use JSX unless the '--jsx' flag is provided.
src/components/contact/sections/ContactInfoAndFormSection.tsx(523,23): error TS17004: Cannot use JSX unless the '--jsx' flag is provided.
src/components/contact/sections/ContactInfoAndFormSection.tsx(524,25): error TS17004: Cannot use JSX unless the '--jsx' flag is provided.
src/components/contact/sections/ContactInfoAndFormSection.tsx(525,27): error TS17004: Cannot use JSX unless the '--jsx' flag is provided.
src/components/contact/sections/ContactInfoAndFormSection.tsx(534,11): error TS17004: Cannot use JSX unless the '--jsx' flag is provided.
src/components/contact/sections/ContactInfoAndFormSection.tsx(535,13): error TS17004: Cannot use JSX unless the '--jsx' flag is provided.
src/components/contact/sections/ContactInfoAndFormSection.tsx(536,15): error TS17004: Cannot use JSX unless the '--jsx' flag is provided.
src/components/contact/sections/ContactInfoAndFormSection.tsx(537,17): error TS17004: Cannot use JSX unless the '--jsx' flag is provided.
src/components/contact/sections/ContactInfoAndFormSection.tsx(538,19): error TS17004: Cannot use JSX unless the '--jsx' flag is provided.
src/components/contact/sections/ContactInfoAndFormSection.tsx(539,21): error TS17004: Cannot use JSX unless the '--jsx' flag is provided.
src/components/contact/sections/ContactInfoAndFormSection.tsx(542,17): error TS17004: Cannot use JSX unless the '--jsx' flag is provided.
src/components/contact/sections/ContactInfoAndFormSection.tsx(543,19): error TS17004: Cannot use JSX unless the '--jsx' flag is provided.
src/components/contact/sections/ContactInfoAndFormSection.tsx(544,21): error TS17004: Cannot use JSX unless the '--jsx' flag is provided.
src/components/contact/sections/ContactInfoAndFormSection.tsx(549,13): error TS17004: Cannot use JSX unless the '--jsx' flag is provided.
src/components/contact/sections/ContactInfoAndFormSection.tsx(550,15): error TS17004: Cannot use JSX unless the '--jsx' flag is provided.
src/components/contact/sections/ContactInfoAndFormSection.tsx(551,17): error TS17004: Cannot use JSX unless the '--jsx' flag is provided.
src/components/contact/sections/ContactInfoAndFormSection.tsx(552,19): error TS17004: Cannot use JSX unless the '--jsx' flag is provided.
src/components/contact/sections/ContactInfoAndFormSection.tsx(553,21): error TS17004: Cannot use JSX unless the '--jsx' flag is provided.
src/components/contact/sections/ContactInfoAndFormSection.tsx(554,23): error TS17004: Cannot use JSX unless the '--jsx' flag is provided.
src/components/contact/sections/ContactInfoAndFormSection.tsx(555,25): error TS17004: Cannot use JSX unless the '--jsx' flag is provided.
src/components/contact/sections/ContactInfoAndFormSection.tsx(556,27): error TS17004: Cannot use JSX unless the '--jsx' flag is provided.
src/components/contact/sections/ContactInfoAndFormSection.tsx(557,29): error TS17004: Cannot use JSX unless the '--jsx' flag is provided.
src/components/contact/sections/ContactInfoAndFormSection.tsx(561,23): error TS17004: Cannot use JSX unless the '--jsx' flag is provided.
src/components/contact/sections/ContactInfoAndFormSection.tsx(562,25): error TS17004: Cannot use JSX unless the '--jsx' flag is provided.
src/components/contact/sections/ContactInfoAndFormSection.tsx(563,27): error TS17004: Cannot use JSX unless the '--jsx' flag is provided.
src/components/contact/sections/ContactInfoAndFormSection.tsx(564,29): error TS17004: Cannot use JSX unless the '--jsx' flag is provided.
src/components/contact/sections/ContactInfoAndFormSection.tsx(569,21): error TS17004: Cannot use JSX unless the '--jsx' flag is provided.
src/components/contact/sections/ContactInfoAndFormSection.tsx(570,23): error TS17004: Cannot use JSX unless the '--jsx' flag is provided.
src/components/contact/sections/ContactInfoAndFormSection.tsx(571,25): error TS17004: Cannot use JSX unless the '--jsx' flag is provided.
src/components/contact/sections/ContactInfoAndFormSection.tsx(572,27): error TS17004: Cannot use JSX unless the '--jsx' flag is provided.
src/components/contact/sections/ContactInfoAndFormSection.tsx(573,29): error TS17004: Cannot use JSX unless the '--jsx' flag is provided.
src/components/contact/sections/ContactInfoAndFormSection.tsx(577,23): error TS17004: Cannot use JSX unless the '--jsx' flag is provided.
src/components/contact/sections/ContactInfoAndFormSection.tsx(578,25): error TS17004: Cannot use JSX unless the '--jsx' flag is provided.
src/components/contact/sections/ContactInfoAndFormSection.tsx(579,27): error TS17004: Cannot use JSX unless the '--jsx' flag is provided.
src/components/contact/sections/ContactInfoAndFormSection.tsx(580,29): error TS17004: Cannot use JSX unless the '--jsx' flag is provided.
src/components/contact/sections/ContactInfoAndFormSection.tsx(585,21): error TS17004: Cannot use JSX unless the '--jsx' flag is provided.
src/components/contact/sections/ContactInfoAndFormSection.tsx(586,23): error TS17004: Cannot use JSX unless the '--jsx' flag is provided.
src/components/contact/sections/ContactInfoAndFormSection.tsx(587,25): error TS17004: Cannot use JSX unless the '--jsx' flag is provided.
src/components/contact/sections/ContactInfoAndFormSection.tsx(588,27): error TS17004: Cannot use JSX unless the '--jsx' flag is provided.
src/components/contact/sections/ContactInfoAndFormSection.tsx(589,29): error TS17004: Cannot use JSX unless the '--jsx' flag is provided.
src/components/contact/sections/ContactInfoAndFormSection.tsx(590,31): error TS17004: Cannot use JSX unless the '--jsx' flag is provided.
src/components/contact/sections/ContactInfoAndFormSection.tsx(593,27): error TS17004: Cannot use JSX unless the '--jsx' flag is provided.
src/components/contact/sections/ContactInfoAndFormSection.tsx(594,29): error TS17004: Cannot use JSX unless the '--jsx' flag is provided.
src/components/contact/sections/ContactInfoAndFormSection.tsx(595,31): error TS17004: Cannot use JSX unless the '--jsx' flag is provided.
src/components/contact/sections/ContactInfoAndFormSection.tsx(596,31): error TS17004: Cannot use JSX unless the '--jsx' flag is provided.
src/components/contact/sections/ContactInfoAndFormSection.tsx(597,33): error TS17004: Cannot use JSX unless the '--jsx' flag is provided.
src/components/contact/sections/ContactInfoAndFormSection.tsx(603,23): error TS17004: Cannot use JSX unless the '--jsx' flag is provided.
src/components/contact/sections/ContactInfoAndFormSection.tsx(604,25): error TS17004: Cannot use JSX unless the '--jsx' flag is provided.
src/components/contact/sections/ContactInfoAndFormSection.tsx(605,27): error TS17004: Cannot use JSX unless the '--jsx' flag is provided.
src/components/contact/sections/ContactInfoAndFormSection.tsx(606,29): error TS17004: Cannot use JSX unless the '--jsx' flag is provided.
src/components/contact/sections/ContactInfoAndFormSection.tsx(611,21): error TS17004: Cannot use JSX unless the '--jsx' flag is provided.
src/components/contact/sections/ContactInfoAndFormSection.tsx(612,23): error TS17004: Cannot use JSX unless the '--jsx' flag is provided.
src/components/contact/sections/ContactInfoAndFormSection.tsx(613,25): error TS17004: Cannot use JSX unless the '--jsx' flag is provided.
src/components/contact/sections/ContactInfoAndFormSection.tsx(617,19): error TS17004: Cannot use JSX unless the '--jsx' flag is provided.
src/components/contact/sections/ContactInfoAndFormSection.tsx(618,21): error TS17004: Cannot use JSX unless the '--jsx' flag is provided.
src/components/contact/sections/ContactInfoAndFormSection.tsx(619,23): error TS17004: Cannot use JSX unless the '--jsx' flag is provided.
src/components/contact/sections/ContactInfoAndFormSection.tsx(620,25): error TS17004: Cannot use JSX unless the '--jsx' flag is provided.
src/components/contact/sections/ContactInfoAndFormSection.tsx(621,27): error TS17004: Cannot use JSX unless the '--jsx' flag is provided.
src/components/contact/sections/ContactInfoAndFormSection.tsx(622,29): error TS17004: Cannot use JSX unless the '--jsx' flag is provided.
src/components/contact/sections/ContactInfoAndFormSection.tsx(623,29): error TS17004: Cannot use JSX unless the '--jsx' flag is provided.
src/components/contact/sections/ContactInfoAndFormSection.tsx(624,31): error TS17004: Cannot use JSX unless the '--jsx' flag is provided.
src/components/contact/sections/ContactInfoAndFormSection.tsx(625,33): error TS17004: Cannot use JSX unless the '--jsx' flag is provided.
src/components/contact/sections/ContactInfoAndFormSection.tsx(626,35): error TS17004: Cannot use JSX unless the '--jsx' flag is provided.
src/components/contact/sections/ContactInfoAndFormSection.tsx(627,37): error TS17004: Cannot use JSX unless the '--jsx' flag is provided.
src/components/contact/sections/ContactInfoAndFormSection.tsx(631,31): error TS17004: Cannot use JSX unless the '--jsx' flag is provided.
src/components/contact/sections/ContactInfoAndFormSection.tsx(632,33): error TS17004: Cannot use JSX unless the '--jsx' flag is provided.
src/components/contact/sections/ContactInfoAndFormSection.tsx(633,35): error TS17004: Cannot use JSX unless the '--jsx' flag is provided.
src/components/contact/sections/ContactInfoAndFormSection.tsx(637,29): error TS17004: Cannot use JSX unless the '--jsx' flag is provided.
src/components/contact/sections/ContactInfoAndFormSection.tsx(638,31): error TS17004: Cannot use JSX unless the '--jsx' flag is provided.
src/components/contact/sections/ContactInfoAndFormSection.tsx(639,33): error TS17004: Cannot use JSX unless the '--jsx' flag is provided.
src/components/contact/sections/ContactInfoAndFormSection.tsx(640,33): error TS17004: Cannot use JSX unless the '--jsx' flag is provided.
src/components/contact/sections/ContactInfoAndFormSection.tsx(641,35): error TS17004: Cannot use JSX unless the '--jsx' flag is provided.
src/components/contact/sections/ContactInfoAndFormSection.tsx(645,29): error TS17004: Cannot use JSX unless the '--jsx' flag is provided.
src/components/contact/sections/ContactInfoAndFormSection.tsx(646,31): error TS17004: Cannot use JSX unless the '--jsx' flag is provided.
src/components/contact/sections/ContactInfoAndFormSection.tsx(647,33): error TS17004: Cannot use JSX unless the '--jsx' flag is provided.
src/components/contact/sections/ContactInfoAndFormSection.tsx(649,31): error TS17004: Cannot use JSX unless the '--jsx' flag is provided.
src/components/contact/sections/ContactInfoAndFormSection.tsx(650,31): error TS17004: Cannot use JSX unless the '--jsx' flag is provided.
src/components/contact/sections/ContactInfoAndFormSection.tsx(651,33): error TS17004: Cannot use JSX unless the '--jsx' flag is provided.
src/components/contact/sections/ContactInfoAndFormSection.tsx(659,19): error TS17004: Cannot use JSX unless the '--jsx' flag is provided.
src/components/contact/sections/ContactInfoAndFormSection.tsx(660,21): error TS17004: Cannot use JSX unless the '--jsx' flag is provided.
src/components/contact/sections/ContactInfoAndFormSection.tsx(661,23): error TS17004: Cannot use JSX unless the '--jsx' flag is provided.
src/components/contact/sections/ContactInfoAndFormSection.tsx(672,7): error TS17004: Cannot use JSX unless the '--jsx' flag is provided.
src/components/contact/sections/ContactInfoAndFormSection.tsx(673,9): error TS17004: Cannot use JSX unless the '--jsx' flag is provided.
src/components/contact/sections/ContactInfoAndFormSection.tsx(674,11): error TS17004: Cannot use JSX unless the '--jsx' flag is provided.
src/components/contact/sections/ContactInfoAndFormSection.tsx(675,13): error TS17004: Cannot use JSX unless the '--jsx' flag is provided.
src/components/contact/sections/ContactInfoAndFormSection.tsx(676,13): error TS17004: Cannot use JSX unless the '--jsx' flag is provided.
src/components/contact/sections/ContactInfoAndFormSection.tsx(677,13): error TS17004: Cannot use JSX unless the '--jsx' flag is provided.
src/components/contact/sections/ContactInfoAndFormSection.tsx(679,11): error TS17004: Cannot use JSX unless the '--jsx' flag is provided.
src/components/contact/sections/ContactInfoAndFormSection.tsx(684,9): error TS17004: Cannot use JSX unless the '--jsx' flag is provided.
src/components/contact/sections/ContactInfoAndFormSection.tsx(686,13): error TS17004: Cannot use JSX unless the '--jsx' flag is provided.
src/components/contact/sections/ContactInfoAndFormSection.tsx(690,15): error TS17004: Cannot use JSX unless the '--jsx' flag is provided.
src/components/contact/sections/ContactInfoAndFormSection.tsx(691,17): error TS17004: Cannot use JSX unless the '--jsx' flag is provided.
src/components/contact/sections/ContactInfoAndFormSection.tsx(692,17): error TS17004: Cannot use JSX unless the '--jsx' flag is provided.
src/components/contact/sections/ContactInfoAndFormSection.tsx(694,15): error TS17004: Cannot use JSX unless the '--jsx' flag is provided.
src/components/contact/sections/ContactInfoAndFormSection.tsx(695,17): error TS17004: Cannot use JSX unless the '--jsx' flag is provided.
src/components/contact/sections/ContactInfoAndFormSection.tsx(696,17): error TS17004: Cannot use JSX unless the '--jsx' flag is provided.
src/components/contact/sections/ContactInfoAndFormSection.tsx(700,15): error TS17004: Cannot use JSX unless the '--jsx' flag is provided.
src/components/contact/sections/ContactInfoAndFormSection.tsx(702,19): error TS17004: Cannot use JSX unless the '--jsx' flag is provided.
src/components/contact/sections/ContactInfoAndFormSection.tsx(703,21): error TS17004: Cannot use JSX unless the '--jsx' flag is provided.
src/components/contact/sections/ContactInfoAndFormSection.tsx(704,21): error TS17004: Cannot use JSX unless the '--jsx' flag is provided.
src/components/contact/sections/ContactInfoAndFormSection.tsx(715,7): error TS17004: Cannot use JSX unless the '--jsx' flag is provided.
src/components/contact/sections/ContactInfoAndFormSection.tsx(716,9): error TS17004: Cannot use JSX unless the '--jsx' flag is provided.
src/components/contact/sections/ContactInfoAndFormSection.tsx(723,9): error TS17004: Cannot use JSX unless the '--jsx' flag is provided.
src/components/contact/sections/ContactInfoAndFormSection.tsx(724,11): error TS17004: Cannot use JSX unless the '--jsx' flag is provided.
src/components/contact/sections/ContactInfoAndFormSection.tsx(725,13): error TS17004: Cannot use JSX unless the '--jsx' flag is provided.
src/components/contact/sections/ContactInfoAndFormSection.tsx(726,13): error TS17004: Cannot use JSX unless the '--jsx' flag is provided.
src/components/contact/sections/ContactInfoAndFormSection.tsx(727,13): error TS17004: Cannot use JSX unless the '--jsx' flag is provided.
src/components/contact/sections/ContactInfoAndFormSection.tsx(730,9): error TS17004: Cannot use JSX unless the '--jsx' flag is provided.
src/components/contact/sections/ContactInfoAndFormSection.tsx(731,11): error TS17004: Cannot use JSX unless the '--jsx' flag is provided.
src/components/contact/sections/ContactInfoAndFormSection.tsx(735,9): error TS17004: Cannot use JSX unless the '--jsx' flag is provided.
src/components/contact/sections/ContactInfoAndFormSection.tsx(737,13): error TS17004: Cannot use JSX unless the '--jsx' flag is provided.
src/components/contact/sections/ContactInfoAndFormSection.tsx(742,15): error TS17004: Cannot use JSX unless the '--jsx' flag is provided.
src/components/contact/sections/ContactInfoAndFormSection.tsx(743,17): error TS17004: Cannot use JSX unless the '--jsx' flag is provided.
src/components/contact/sections/ContactInfoAndFormSection.tsx(744,19): error TS17004: Cannot use JSX unless the '--jsx' flag is provided.
src/components/contact/sections/ContactInfoAndFormSection.tsx(745,19): error TS17004: Cannot use JSX unless the '--jsx' flag is provided.
src/components/contact/sections/ContactInfoAndFormSection.tsx(747,17): error TS17004: Cannot use JSX unless the '--jsx' flag is provided.
src/components/contact/sections/ContactInfoAndFormSection.tsx(748,19): error TS17004: Cannot use JSX unless the '--jsx' flag is provided.
src/components/contact/sections/ContactInfoAndFormSection.tsx(749,19): error TS17004: Cannot use JSX unless the '--jsx' flag is provided.
src/components/contact/sections/ContactInfoAndFormSection.tsx(754,15): error TS17004: Cannot use JSX unless the '--jsx' flag is provided.
src/components/contact/sections/ContactInfoAndFormSection.tsx(756,19): error TS17004: Cannot use JSX unless the '--jsx' flag is provided.
src/components/contact/sections/ContactInfoAndFormSection.tsx(757,21): error TS17004: Cannot use JSX unless the '--jsx' flag is provided.
src/components/contact/sections/ContactInfoAndFormSection.tsx(758,23): error TS17004: Cannot use JSX unless the '--jsx' flag is provided.
src/components/contact/sections/ContactInfoAndFormSection.tsx(760,21): error TS17004: Cannot use JSX unless the '--jsx' flag is provided.
src/components/contact/sections/ContactInfoAndFormSection.tsx(765,17): error TS17004: Cannot use JSX unless the '--jsx' flag is provided.
src/components/contact/sections/ContactInfoAndFormSection.tsx(772,19): error TS17004: Cannot use JSX unless the '--jsx' flag is provided.
